// Jest Snapshot v1, https://goo.gl/fbAQLP

exports[`elements/Button should render 1`] = `
<TouchableOpacity
  activeOpacity={0.2}
  style={
    Object {
      "flexDirection": "row",
    }
  }
>
  <ForwardRef
    style={
      Object {
        "elevation": 6,
        "shadowColor": "grey",
        "shadowOffset": Object {
          "height": 6,
          "width": 0,
        },
        "shadowOpacity": 0.2,
        "shadowRadius": 6,
      }
    }
  >
    <ForwardRef>
      PrimaryButton
    </ForwardRef>
  </ForwardRef>
</TouchableOpacity>
`;
